// Jest Snapshot v1, https://goo.gl/fbAQLP

exports[`PaymentDetailModal component should match snapshot for PaymentDetailModal 1`] = `
<div
  aria-hidden="true"
  data-aria-hidden="true"
/>
`;
