// Vitest Snapshot v1, https://vitest.dev/guide/snapshot.html

exports[`testing CustomTable component > Snapshot 1`] = `
{
  "asFragment": [Function],
  "baseElement": <body>
    <div>
      <table
        class="mantine-Table-root mantine-1r8slib"
      >
        <thead>
          <tr
            class="mantine-2swjva"
          >
            <th
              style="width: 232px;"
            >
              Doctor
            </th>
            <th
              style="width: 80px;"
            >
              Avatar
            </th>
          </tr>
        </thead>
        <tbody>
          <tr
            class="mantine-91de5a"
          >
            <td>
              Dr. Theresa Webb
            </td>
            <td>
              <div
                class="mantine-Avatar-root mantine-1rdmhww"
              >
                <img
                  class="mantine-9rx0rd mantine-Avatar-image"
                  src="https://images.vexels.com/content/145908/preview/male-avatar-maker-2a7919.png"
                />
              </div>
            </td>
          </tr>
          <tr
            class="mantine-91de5a"
          >
            <td>
              Dr. Arlene McCoy
            </td>
            <td>
              <div
                class="mantine-Avatar-root mantine-1rdmhww"
              >
                <img
                  class="mantine-9rx0rd mantine-Avatar-image"
                  src="https://images.vexels.com/content/145908/preview/male-avatar-maker-2a7919.png"
                />
              </div>
            </td>
          </tr>
        </tbody>
      </table>
    </div>
  </body>,
  "container": <div>
    <table
      class="mantine-Table-root mantine-1r8slib"
    >
      <thead>
        <tr
          class="mantine-2swjva"
        >
          <th
            style="width: 232px;"
          >
            Doctor
          </th>
          <th
            style="width: 80px;"
          >
            Avatar
          </th>
        </tr>
      </thead>
      <tbody>
        <tr
          class="mantine-91de5a"
        >
          <td>
            Dr. Theresa Webb
          </td>
          <td>
            <div
              class="mantine-Avatar-root mantine-1rdmhww"
            >
              <img
                class="mantine-9rx0rd mantine-Avatar-image"
                src="https://images.vexels.com/content/145908/preview/male-avatar-maker-2a7919.png"
              />
            </div>
          </td>
        </tr>
        <tr
          class="mantine-91de5a"
        >
          <td>
            Dr. Arlene McCoy
          </td>
          <td>
            <div
              class="mantine-Avatar-root mantine-1rdmhww"
            >
              <img
                class="mantine-9rx0rd mantine-Avatar-image"
                src="https://images.vexels.com/content/145908/preview/male-avatar-maker-2a7919.png"
              />
            </div>
          </td>
        </tr>
      </tbody>
    </table>
  </div>,
  "debug": [Function],
  "findAllByAltText": [Function],
  "findAllByDisplayValue": [Function],
  "findAllByLabelText": [Function],
  "findAllByPlaceholderText": [Function],
  "findAllByRole": [Function],
  "findAllByTestId": [Function],
  "findAllByText": [Function],
  "findAllByTitle": [Function],
  "findByAltText": [Function],
  "findByDisplayValue": [Function],
  "findByLabelText": [Function],
  "findByPlaceholderText": [Function],
  "findByRole": [Function],
  "findByTestId": [Function],
  "findByText": [Function],
  "findByTitle": [Function],
  "getAllByAltText": [Function],
  "getAllByDisplayValue": [Function],
  "getAllByLabelText": [Function],
  "getAllByPlaceholderText": [Function],
  "getAllByRole": [Function],
  "getAllByTestId": [Function],
  "getAllByText": [Function],
  "getAllByTitle": [Function],
  "getByAltText": [Function],
  "getByDisplayValue": [Function],
  "getByLabelText": [Function],
  "getByPlaceholderText": [Function],
  "getByRole": [Function],
  "getByTestId": [Function],
  "getByText": [Function],
  "getByTitle": [Function],
  "queryAllByAltText": [Function],
  "queryAllByDisplayValue": [Function],
  "queryAllByLabelText": [Function],
  "queryAllByPlaceholderText": [Function],
  "queryAllByRole": [Function],
  "queryAllByTestId": [Function],
  "queryAllByText": [Function],
  "queryAllByTitle": [Function],
  "queryByAltText": [Function],
  "queryByDisplayValue": [Function],
  "queryByLabelText": [Function],
  "queryByPlaceholderText": [Function],
  "queryByRole": [Function],
  "queryByTestId": [Function],
  "queryByText": [Function],
  "queryByTitle": [Function],
  "rerender": [Function],
  "unmount": [Function],
}
`;

exports[`testing CustomTable component > snapshot 1`] = `
{
  "asFragment": [Function],
  "baseElement": <body>
    <div>
      <table
        class="mantine-Table-root mantine-1r8slib"
      >
        <thead>
          <tr
            class="mantine-2swjva"
          >
            <th
              style="width: 232px;"
            >
              Doctor
            </th>
            <th
              style="width: 80px;"
            >
              Avatar
            </th>
          </tr>
        </thead>
        <tbody>
          <tr
            class="mantine-91de5a"
          >
            <td>
              Dr. Theresa Webb
            </td>
            <td>
              <div
                class="mantine-Avatar-root mantine-1rdmhww"
              >
                <img
                  class="mantine-9rx0rd mantine-Avatar-image"
                  src="https://images.vexels.com/content/145908/preview/male-avatar-maker-2a7919.png"
                />
              </div>
            </td>
          </tr>
          <tr
            class="mantine-91de5a"
          >
            <td>
              Dr. Arlene McCoy
            </td>
            <td>
              <div
                class="mantine-Avatar-root mantine-1rdmhww"
              >
                <img
                  class="mantine-9rx0rd mantine-Avatar-image"
                  src="https://images.vexels.com/content/145908/preview/male-avatar-maker-2a7919.png"
                />
              </div>
            </td>
          </tr>
        </tbody>
      </table>
    </div>
  </body>,
  "container": <div>
    <table
      class="mantine-Table-root mantine-1r8slib"
    >
      <thead>
        <tr
          class="mantine-2swjva"
        >
          <th
            style="width: 232px;"
          >
            Doctor
          </th>
          <th
            style="width: 80px;"
          >
            Avatar
          </th>
        </tr>
      </thead>
      <tbody>
        <tr
          class="mantine-91de5a"
        >
          <td>
            Dr. Theresa Webb
          </td>
          <td>
            <div
              class="mantine-Avatar-root mantine-1rdmhww"
            >
              <img
                class="mantine-9rx0rd mantine-Avatar-image"
                src="https://images.vexels.com/content/145908/preview/male-avatar-maker-2a7919.png"
              />
            </div>
          </td>
        </tr>
        <tr
          class="mantine-91de5a"
        >
          <td>
            Dr. Arlene McCoy
          </td>
          <td>
            <div
              class="mantine-Avatar-root mantine-1rdmhww"
            >
              <img
                class="mantine-9rx0rd mantine-Avatar-image"
                src="https://images.vexels.com/content/145908/preview/male-avatar-maker-2a7919.png"
              />
            </div>
          </td>
        </tr>
      </tbody>
    </table>
  </div>,
  "debug": [Function],
  "findAllByAltText": [Function],
  "findAllByDisplayValue": [Function],
  "findAllByLabelText": [Function],
  "findAllByPlaceholderText": [Function],
  "findAllByRole": [Function],
  "findAllByTestId": [Function],
  "findAllByText": [Function],
  "findAllByTitle": [Function],
  "findByAltText": [Function],
  "findByDisplayValue": [Function],
  "findByLabelText": [Function],
  "findByPlaceholderText": [Function],
  "findByRole": [Function],
  "findByTestId": [Function],
  "findByText": [Function],
  "findByTitle": [Function],
  "getAllByAltText": [Function],
  "getAllByDisplayValue": [Function],
  "getAllByLabelText": [Function],
  "getAllByPlaceholderText": [Function],
  "getAllByRole": [Function],
  "getAllByTestId": [Function],
  "getAllByText": [Function],
  "getAllByTitle": [Function],
  "getByAltText": [Function],
  "getByDisplayValue": [Function],
  "getByLabelText": [Function],
  "getByPlaceholderText": [Function],
  "getByRole": [Function],
  "getByTestId": [Function],
  "getByText": [Function],
  "getByTitle": [Function],
  "queryAllByAltText": [Function],
  "queryAllByDisplayValue": [Function],
  "queryAllByLabelText": [Function],
  "queryAllByPlaceholderText": [Function],
  "queryAllByRole": [Function],
  "queryAllByTestId": [Function],
  "queryAllByText": [Function],
  "queryAllByTitle": [Function],
  "queryByAltText": [Function],
  "queryByDisplayValue": [Function],
  "queryByLabelText": [Function],
  "queryByPlaceholderText": [Function],
  "queryByRole": [Function],
  "queryByTestId": [Function],
  "queryByText": [Function],
  "queryByTitle": [Function],
  "rerender": [Function],
  "unmount": [Function],
}
`;
