// Jest Snapshot v1, https://goo.gl/fbAQLP

exports[`DashboardPage Component renders correctly 1`] = `
<div>
  <div
    class="css-16azfwd"
  >
    <div />
    <div />
    <div />
    <div />
  </div>
</div>
`;
