// Jest Snapshot v1, https://goo.gl/fbAQLP

exports[`CustomModal component should match snapshot for CustomModal 1`] = `
<div
  aria-hidden="true"
  data-aria-hidden="true"
/>
`;
