// Jest Snapshot v1, https://goo.gl/fbAQLP

exports[`ConfirmModal component should match snapshot for ConfirmModal 1`] = `
<div
  aria-hidden="true"
  data-aria-hidden="true"
/>
`;
