// Jest Snapshot v1, https://goo.gl/fbAQLP

exports[`Navigation component should match snapshot for Navigation 1`] = `
<div>
  <div
    class="chakra-stack css-1kae02p"
  />
</div>
`;
