// Jest Snapshot v1, https://goo.gl/fbAQLP

exports[`BrandLogo component should match snapshot for BrandLogo 1`] = `
<div>
  <a
    class="chakra-link css-1mgm4dv"
  >
    <h2
      class="chakra-heading css-qis5cd"
    />
  </a>
</div>
`;
