// Jest Snapshot v1, https://goo.gl/fbAQLP

exports[`StudentDetailModal component should match snapshot for StudentDetailModal 1`] = `
<div
  aria-hidden="true"
  data-aria-hidden="true"
/>
`;
