// Jest Snapshot v1, https://goo.gl/fbAQLP

exports[`Table should match snapshot for Table 1`] = `
<div>
  <table
    class="chakra-table css-0"
  >
    <thead
      class="css-0"
    >
      <tr
        class="css-0"
      >
        <th
          class="css-tln5s8"
        >
          Name
        </th>
        <th
          class="css-tln5s8"
        >
          Email
        </th>
        <th
          class="css-tln5s8"
        >
          Phone
        </th>
        <th
          class="css-tln5s8"
        >
          Enroll Number
        </th>
        <th
          class="css-tln5s8"
        >
          Date of admission
        </th>
      </tr>
    </thead>
    <tbody
      class="css-0"
    >
      <tr
        class="css-1w3yp13"
      >
        <td
          class="css-fsw37u"
        >
          name 8
        </td>
        <td
          class="css-fsw37u"
        >
          Carson31@gmail.com
        </td>
        <td
          class="css-fsw37u"
        >
          7305477760
        </td>
        <td
          class="css-fsw37u"
        >
          54547
        </td>
        <td
          class="css-fsw37u"
        >
          950288400000
        </td>
      </tr>
    </tbody>
  </table>
</div>
`;
