// Jest Snapshot v1, https://goo.gl/fbAQLP

exports[`testing LoadingSpinner component matches snapshot 1`] = `
<DocumentFragment>
  <div
    class="sc-beqWaB eNPunT"
  >
    <div />
  </div>
</DocumentFragment>
`;
