// Jest Snapshot v1, https://goo.gl/fbAQLP

exports[`TableRow should match snapshot for TableRow 1`] = `
<div>
  <table
    class="chakra-table css-0"
  >
    <tbody
      class="css-0"
    >
      <tr
        class="css-1w3yp13"
      >
        <td
          class="css-0"
        >
          inches
        </td>
      </tr>
    </tbody>
  </table>
</div>
`;
