// Jest Snapshot v1, https://goo.gl/fbAQLP

exports[`SearchInput component should match snapshot for SearchInput 1`] = `
<div>
  <div
    class="chakra-input__group css-10ip56e"
    data-group="true"
  >
    <input
      class="chakra-input css-2pjcr"
      placeholder="Start typing..."
      value=""
    />
    <div
      class="chakra-input__right-element css-dp9r5f"
      style="cursor: pointer;"
    >
      <svg
        height="14"
        viewBox="0 0 14 14"
        width="14"
      >
        <path
          d="M13.904 13.169 10.377 9.64a.325.325 0 0 0-.232-.095h-.282A5.687 5.687 0 0 0 5.688 0 5.687 5.687 0 0 0 0 5.687a5.687 5.687 0 0 0 9.546 4.179v.279c0 .087.035.17.095.232l3.528 3.527a.329.329 0 0 0 .465 0l.27-.27a.329.329 0 0 0 0-.465ZM5.688 10.5A4.81 4.81 0 0 1 .875 5.687 4.81 4.81 0 0 1 5.688.875 4.81 4.81 0 0 1 10.5 5.688 4.81 4.81 0 0 1 5.687 10.5Z"
          fill="#C4C4C4"
        />
      </svg>
    </div>
  </div>
</div>
`;
